// Jest Snapshot v1, https://goo.gl/fbAQLP

exports[`Components/Footer Default smoke-test 1`] = `
Object {
  "checked": undefined,
  "children": Array [
    Object {
      "checked": undefined,
      "children": undefined,
      "name": "Storybook",
      "pressed": undefined,
      "role": "img",
      "value": undefined,
    },
    Object {
      "checked": undefined,
      "children": undefined,
      "name": "LinkedIn",
      "pressed": undefined,
      "role": "link",
      "value": undefined,
    },
    Object {
      "checked": undefined,
      "children": undefined,
      "name": "GitHub",
      "pressed": undefined,
      "role": "link",
      "value": undefined,
    },
    Object {
      "checked": undefined,
      "children": undefined,
      "name": "Twitter",
      "pressed": undefined,
      "role": "link",
      "value": undefined,
    },
    Object {
      "checked": undefined,
      "children": undefined,
      "name": "The MIT License (MIT)",
      "pressed": undefined,
      "role": "text",
      "value": undefined,
    },
  ],
  "name": "components-footer--default",
  "pressed": undefined,
  "role": "WebArea",
  "value": undefined,
}
`;
