// Jest Snapshot v1, https://goo.gl/fbAQLP

exports[`Components/Navbar Default smoke-test 1`] = `
Object {
  "checked": undefined,
  "children": Array [
    Object {
      "checked": undefined,
      "children": undefined,
      "name": "home",
      "pressed": undefined,
      "role": "link",
      "value": undefined,
    },
    Object {
      "checked": undefined,
      "children": undefined,
      "name": "Showcase",
      "pressed": undefined,
      "role": "link",
      "value": undefined,
    },
    Object {
      "checked": undefined,
      "children": undefined,
      "name": "Docs",
      "pressed": undefined,
      "role": "link",
      "value": undefined,
    },
    Object {
      "checked": undefined,
      "children": undefined,
      "name": "Blog",
      "pressed": undefined,
      "role": "link",
      "value": undefined,
    },
  ],
  "name": "components-navbar--default",
  "pressed": undefined,
  "role": "WebArea",
  "value": undefined,
}
`;
